./test12.sh: line 4: ../examples/test2: No such file or directory
